// Jest Snapshot v1, https://goo.gl/fbAQLP

exports[`Heading should be rendered correctly 1`] = `
<div>
  <h1>
    Multi Step Registration Widget
  </h1>
  <withRouter(Progress) />
</div>
`;
