// Jest Snapshot v1, https://goo.gl/fbAQLP

exports[`Progress should be rendered correctly 1`] = `
<ContextConsumer>
  <Component />
</ContextConsumer>
`;
